components/Step3Screenplay.tsx(3,10): error TS2305: Module '"../services/geminiService"' has no exported member 'generateScreenplay'.
components/Step4Assets.tsx(4,10): error TS2305: Module '"../services/geminiService"' has no exported member 'extractAssets'.
components/Step5Assets.tsx(4,10): error TS2305: Module '"../services/geminiService"' has no exported member 'extractAssets'.
